 gcc -g p2final.c
 ./a.out
enter a side of a triangle;
1
enter a side of a triangle;
2
enter a side of a triangle;
3
the triangle with sides 1,2 and 3 is Scalene
 gdb a.out
GNU gdb (Ubuntu 8.1.1-0ubuntu1) 8.1.1
Copyright (C) 2018 Free Software Foundation, Inc.
License GPLv3+: GNU GPL version 3 or later <http://gnu.org/licenses/gpl.html>
This is free software: you are free to change and redistribute it.
There is NO WARRANTY, to the extent permitted by law.  Type "show copying"
and "show warranty" for details.
This GDB was configured as "x86_64-linux-gnu".
Type "show configuration" for configuration details.
For bug reporting instructions, please see:
<http://www.gnu.org/software/gdb/bugs/>.
Find the GDB manual and other documentation resources online at:
<http://www.gnu.org/software/gdb/documentation/>.
For help, type "help".
Type "apropos word" to search for commands related to "word"...
Reading symbols from a.out...done.
(gdb) b main
Breakpoint 1 at 0x850: file p2final.c, line 34.
(gdb) r
Starting program: /home/runner/IA2-Test1-Session2/a.out 
warning: Error disabling address space randomization: Operation not permitted

Breakpoint 1, main () at p2final.c:34
34      a=input_side();
(gdb) s
input_side () at p2final.c:3
3   {
(gdb) n
5     printf("enter a side of a triangle;\n");
(gdb) n
enter a side of a triangle;
6     scanf("%d",&side);
(gdb) n
1
7     return side;
(gdb) n
8   }
(gdb) n
main () at p2final.c:35
35      b=input_side();
(gdb) s
input_side () at p2final.c:3
3   {
(gdb) n
5     printf("enter a side of a triangle;\n");
(gdb) n
enter a side of a triangle;
6     scanf("%d",&side);
(gdb) n
2
7     return side;
(gdb) n
8   }
(gdb) n
main () at p2final.c:36
36      c=input_side();
(gdb) s
input_side () at p2final.c:3
3   {
(gdb) n
5     printf("enter a side of a triangle;\n");
(gdb) n
enter a side of a triangle;
6     scanf("%d",&side);
(gdb) n
3
7     return side;
(gdb) n
8   }
(gdb) n
main () at p2final.c:37
37      res = check_scalene(a,b,c);
(gdb) s
check_scalene (a=1, b=2, c=3) at p2final.c:12
12    if(a!=b && a!=c && b!=c)
(gdb) n
14      return 1;
(gdb) n
17  }
(gdb) n
main () at p2final.c:38
38      output(a,b,c,res);
(gdb) s
output (a=1, b=2, c=3, isScalene=1) at p2final.c:21
21    if(isScalene)
(gdb) n
23      printf("the triangle with sides %d,%d and %d is Scalene\n",a,b,c);
(gdb) n
the triangle with sides 1,2 and 3 is Scalene
29    }
(gdb) n
main () at p2final.c:39
39      return 0;
(gdb) n
40    }(gdb) q
A debugging session is active.

    Inferior 1 [process 63] will be killed.

Quit anyway? (y or n) y
 